<?xml version="1.0"?>
<testsuites>
  <testsuite name="PhantomJS 1.9.8 (Windows 8)" package="" timestamp="2015-01-01T12:00:43" id="0" hostname="itsik-pc" tests="27" errors="0" failures="0" time="0.045">
    <properties>
      <property name="browser.fullName" value="Mozilla/5.0 (Windows NT 6.2; WOW64) AppleWebKit/534.34 (KHTML, like Gecko) PhantomJS/1.9.8 Safari/534.34"/>
    </properties>
    <testcase name="should attach a list of awesomeThings to the scope" time="0.007" classname="PhantomJS 1.9.8 (Windows 8).Controller: LinksCtrl"/>
    <testcase name="should attach a list of awesomeThings to the scope" time="0.002" classname="PhantomJS 1.9.8 (Windows 8).Controller: MainCtrl"/>
    <testcase name="should make hidden element visible" time="0.002" classname="PhantomJS 1.9.8 (Windows 8).Directive: flotChart"/>
    <testcase name="should make hidden element visible" time="0.002" classname="PhantomJS 1.9.8 (Windows 8).Directive: paging"/>
    <testcase name="should create directive element" time="0.011" classname="PhantomJS 1.9.8 (Windows 8).Directive: smartTable Test setup"/>
    <testcase name="should create scope object" time="0.001" classname="PhantomJS 1.9.8 (Windows 8).Directive: smartTable Directive tests"/>
    <testcase name="should create an element with orderTableBy function" time="0" classname="PhantomJS 1.9.8 (Windows 8).Directive: smartTable Directive tests"/>
    <testcase name="should make hidden element visible" time="0.004" classname="PhantomJS 1.9.8 (Windows 8).Directive: sprint"/>
    <testcase name="should create directive element" time="0.005" classname="PhantomJS 1.9.8 (Windows 8).Directive: summaryBar Test setup"/>
    <testcase name="should create scope object" time="0" classname="PhantomJS 1.9.8 (Windows 8).Directive: summaryBar Directive tests"/>
    <testcase name="should return the input prefixed with &quot;bytes filter:&quot;" time="0.001" classname="PhantomJS 1.9.8 (Windows 8).Filter: bytes"/>
    <testcase name="should return the input prefixed with &quot;pagingFilter filter:&quot;" time="0.001" classname="PhantomJS 1.9.8 (Windows 8).Filter: pagingFilter"/>
    <testcase name="should return the input prefixed with &quot;prettyDate filter:&quot;" time="0.001" classname="PhantomJS 1.9.8 (Windows 8).Filter: prettyDate"/>
    <testcase name="should return the input prefixed with &quot;sprint filter:&quot;" time="0.001" classname="PhantomJS 1.9.8 (Windows 8).Filter: sprint"/>
    <testcase name="should return the input prefixed with &quot;status filter:&quot;" time="0.001" classname="PhantomJS 1.9.8 (Windows 8).Filter: status"/>
    <testcase name="should return the input prefixed with &quot;statusFilter filter:&quot;" time="0.001" classname="PhantomJS 1.9.8 (Windows 8).Filter: statusFilter"/>
    <testcase name="should return the input prefixed with &quot;suiteName filter:&quot;" time="0.001" classname="PhantomJS 1.9.8 (Windows 8).Filter: suiteName"/>
    <testcase name="Injecting required data &amp; initializing a new instance" time="0.001" classname="PhantomJS 1.9.8 (Windows 8).Service: MetricService Test setup"/>
    <testcase name="should create a new MetricService instance" time="0" classname="PhantomJS 1.9.8 (Windows 8).Service: MetricService Unit tests"/>
    <testcase name="should have &quot;getCombinations&quot; method" time="0.001" classname="PhantomJS 1.9.8 (Windows 8).Service: MetricService Unit tests"/>
    <testcase name="should call &quot;getCombinations&quot; method" time="0" classname="PhantomJS 1.9.8 (Windows 8).Service: MetricService Unit tests"/>
    <testcase name="should have &quot;getSlicedData&quot; method" time="0" classname="PhantomJS 1.9.8 (Windows 8).Service: MetricService Unit tests"/>
    <testcase name="should call &quot;getSlicedData&quot; method" time="0" classname="PhantomJS 1.9.8 (Windows 8).Service: MetricService Unit tests"/>
    <testcase name="Injecting required data &amp; initializing a new instance" time="0.001" classname="PhantomJS 1.9.8 (Windows 8).Service: ResultsService Test setup"/>
    <testcase name="should create a new ResultsService instance" time="0" classname="PhantomJS 1.9.8 (Windows 8).Service: ResultsService Unit tests"/>
    <testcase name="Injecting required data &amp; initializing a new instance" time="0.001" classname="PhantomJS 1.9.8 (Windows 8).Service: SprintService Test setup"/>
    <testcase name="should create a new SprintService instance" time="0" classname="PhantomJS 1.9.8 (Windows 8).Service: SprintService Unit tests"/>
    <system-out><![CDATA[
]]></system-out>
    <system-err/>
  </testsuite>
</testsuites>
